98.245.126.182 - - [25/Aug/2016:05:13:25 +0000] "GET / HTTP/1.1" 200 2429 "-" "Mozilla/5.0 (Macintosh; Intel Mac OS X 10_10_5) AppleWebKit/537.36 (KHTML, like Gecko) Chrome/52.0.2743.116 Safari/537.36"
98.245.126.182 - - [25/Aug/2016:05:13:25 +0000] "GET /styles/temp.css HTTP/1.1" 200 1012 "http://50.56.68.238/" "Mozilla/5.0 (Macintosh; Intel Mac OS X 10_10_5) AppleWebKit/537.36 (KHTML, like Gecko) Chrome/52.0.2743.116 Safari/537.36"
98.245.126.182 - - [25/Aug/2016:05:13:25 +0000] "GET /styles/reset.css HTTP/1.1" 200 953 "http://50.56.68.238/" "Mozilla/5.0 (Macintosh; Intel Mac OS X 10_10_5) AppleWebKit/537.36 (KHTML, like Gecko) Chrome/52.0.2743.116 Safari/537.36"
98.245.126.182 - - [25/Aug/2016:05:13:25 +0000] "GET /styles/glitch.css HTTP/1.1" 200 990 "http://50.56.68.238/" "Mozilla/5.0 (Macintosh; Intel Mac OS X 10_10_5) AppleWebKit/537.36 (KHTML, like Gecko) Chrome/52.0.2743.116 Safari/537.36"
127.0.0.1 - - [25/Aug/2016:05:13:35 +0000] "OPTIONS * HTTP/1.0" 200 152 "-" "Apache/2.2.14 (Ubuntu) (internal dummy connection)"
127.0.0.1 - - [25/Aug/2016:05:13:36 +0000] "OPTIONS * HTTP/1.0" 200 152 "-" "Apache/2.2.14 (Ubuntu) (internal dummy connection)"
127.0.0.1 - - [25/Aug/2016:05:13:43 +0000] "OPTIONS * HTTP/1.0" 200 152 "-" "Apache/2.2.14 (Ubuntu) (internal dummy connection)"
127.0.0.1 - - [25/Aug/2016:05:13:44 +0000] "OPTIONS * HTTP/1.0" 200 152 "-" "Apache/2.2.14 (Ubuntu) (internal dummy connection)"
127.0.0.1 - - [25/Aug/2016:05:13:45 +0000] "OPTIONS * HTTP/1.0" 200 152 "-" "Apache/2.2.14 (Ubuntu) (internal dummy connection)"
108.66.154.83 - - [25/Aug/2016:05:14:53 +0000] "GET / HTTP/1.1" 200 2429 "-" "Mozilla/5.0 (Macintosh; Intel Mac OS X 10.11; rv:48.0) Gecko/20100101 Firefox/48.0"
108.66.154.83 - - [25/Aug/2016:05:14:53 +0000] "GET /styles/temp.css HTTP/1.1" 200 1012 "http://50.56.68.238/" "Mozilla/5.0 (Macintosh; Intel Mac OS X 10.11; rv:48.0) Gecko/20100101 Firefox/48.0"
108.66.154.83 - - [25/Aug/2016:05:14:53 +0000] "GET /styles/reset.css HTTP/1.1" 200 952 "http://50.56.68.238/" "Mozilla/5.0 (Macintosh; Intel Mac OS X 10.11; rv:48.0) Gecko/20100101 Firefox/48.0"
108.66.154.83 - - [25/Aug/2016:05:14:53 +0000] "GET /styles/glitch.css HTTP/1.1" 200 990 "http://50.56.68.238/" "Mozilla/5.0 (Macintosh; Intel Mac OS X 10.11; rv:48.0) Gecko/20100101 Firefox/48.0"
108.66.154.83 - - [25/Aug/2016:05:14:54 +0000] "GET /favicon.ico HTTP/1.1" 404 504 "-" "Mozilla/5.0 (Macintosh; Intel Mac OS X 10.11; rv:48.0) Gecko/20100101 Firefox/48.0"
108.66.154.83 - - [25/Aug/2016:05:14:54 +0000] "GET /favicon.ico HTTP/1.1" 404 504 "-" "Mozilla/5.0 (Macintosh; Intel Mac OS X 10.11; rv:48.0) Gecko/20100101 Firefox/48.0"
98.245.126.182 - - [25/Aug/2016:05:27:13 +0000] "GET / HTTP/1.1" 200 2425 "-" "Mozilla/5.0 (Macintosh; Intel Mac OS X 10_10_5) AppleWebKit/537.36 (KHTML, like Gecko) Chrome/52.0.2743.116 Safari/537.36"
98.245.126.182 - - [25/Aug/2016:05:27:13 +0000] "GET /styles/temp.css HTTP/1.1" 304 210 "http://50.56.68.238/" "Mozilla/5.0 (Macintosh; Intel Mac OS X 10_10_5) AppleWebKit/537.36 (KHTML, like Gecko) Chrome/52.0.2743.116 Safari/537.36"
98.245.126.182 - - [25/Aug/2016:05:27:13 +0000] "GET /styles/reset.css HTTP/1.1" 304 211 "http://50.56.68.238/" "Mozilla/5.0 (Macintosh; Intel Mac OS X 10_10_5) AppleWebKit/537.36 (KHTML, like Gecko) Chrome/52.0.2743.116 Safari/537.36"
98.245.126.182 - - [25/Aug/2016:05:27:13 +0000] "GET /styles/glitch.css HTTP/1.1" 200 991 "http://50.56.68.238/" "Mozilla/5.0 (Macintosh; Intel Mac OS X 10_10_5) AppleWebKit/537.36 (KHTML, like Gecko) Chrome/52.0.2743.116 Safari/537.36"
108.66.154.83 - - [25/Aug/2016:05:27:43 +0000] "GET / HTTP/1.1" 200 2425 "-" "Mozilla/5.0 (Macintosh; Intel Mac OS X 10.11; rv:48.0) Gecko/20100101 Firefox/48.0"
108.66.154.83 - - [25/Aug/2016:05:27:43 +0000] "GET /styles/temp.css HTTP/1.1" 304 210 "http://50.56.68.238/" "Mozilla/5.0 (Macintosh; Intel Mac OS X 10.11; rv:48.0) Gecko/20100101 Firefox/48.0"
108.66.154.83 - - [25/Aug/2016:05:27:43 +0000] "GET /styles/reset.css HTTP/1.1" 304 210 "http://50.56.68.238/" "Mozilla/5.0 (Macintosh; Intel Mac OS X 10.11; rv:48.0) Gecko/20100101 Firefox/48.0"
108.66.154.83 - - [25/Aug/2016:05:27:43 +0000] "GET /styles/glitch.css HTTP/1.1" 200 991 "http://50.56.68.238/" "Mozilla/5.0 (Macintosh; Intel Mac OS X 10.11; rv:48.0) Gecko/20100101 Firefox/48.0"
98.245.126.182 - - [25/Aug/2016:05:31:11 +0000] "GET / HTTP/1.1" 304 212 "-" "Mozilla/5.0 (Macintosh; Intel Mac OS X 10_10_5) AppleWebKit/537.36 (KHTML, like Gecko) Chrome/52.0.2743.116 Safari/537.36"
98.245.126.182 - - [25/Aug/2016:05:31:11 +0000] "GET /styles/temp.css HTTP/1.1" 304 210 "http://50.56.68.238/" "Mozilla/5.0 (Macintosh; Intel Mac OS X 10_10_5) AppleWebKit/537.36 (KHTML, like Gecko) Chrome/52.0.2743.116 Safari/537.36"
98.245.126.182 - - [25/Aug/2016:05:31:11 +0000] "GET /styles/reset.css HTTP/1.1" 304 211 "http://50.56.68.238/" "Mozilla/5.0 (Macintosh; Intel Mac OS X 10_10_5) AppleWebKit/537.36 (KHTML, like Gecko) Chrome/52.0.2743.116 Safari/537.36"
98.245.126.182 - - [25/Aug/2016:05:31:11 +0000] "GET /styles/glitch.css HTTP/1.1" 304 210 "http://50.56.68.238/" "Mozilla/5.0 (Macintosh; Intel Mac OS X 10_10_5) AppleWebKit/537.36 (KHTML, like Gecko) Chrome/52.0.2743.116 Safari/537.36"
108.66.154.83 - - [25/Aug/2016:05:46:07 +0000] "GET / HTTP/1.1" 304 212 "-" "Mozilla/5.0 (Macintosh; Intel Mac OS X 10.11; rv:48.0) Gecko/20100101 Firefox/48.0"
108.66.154.83 - - [25/Aug/2016:05:46:07 +0000] "GET /styles/temp.css HTTP/1.1" 304 210 "http://50.56.68.238/" "Mozilla/5.0 (Macintosh; Intel Mac OS X 10.11; rv:48.0) Gecko/20100101 Firefox/48.0"
108.66.154.83 - - [25/Aug/2016:05:46:08 +0000] "GET /styles/reset.css HTTP/1.1" 304 210 "http://50.56.68.238/" "Mozilla/5.0 (Macintosh; Intel Mac OS X 10.11; rv:48.0) Gecko/20100101 Firefox/48.0"
108.66.154.83 - - [25/Aug/2016:05:46:08 +0000] "GET /styles/glitch.css HTTP/1.1" 304 211 "http://50.56.68.238/" "Mozilla/5.0 (Macintosh; Intel Mac OS X 10.11; rv:48.0) Gecko/20100101 Firefox/48.0"
108.66.154.83 - - [25/Aug/2016:06:22:17 +0000] "GET / HTTP/1.1" 304 212 "-" "Mozilla/5.0 (Macintosh; Intel Mac OS X 10.11; rv:48.0) Gecko/20100101 Firefox/48.0"
127.0.0.1 - - [25/Aug/2016:06:22:23 +0000] "OPTIONS * HTTP/1.0" 200 152 "-" "Apache/2.2.14 (Ubuntu) (internal dummy connection)"
127.0.0.1 - - [25/Aug/2016:06:22:24 +0000] "OPTIONS * HTTP/1.0" 200 152 "-" "Apache/2.2.14 (Ubuntu) (internal dummy connection)"
108.66.154.83 - - [25/Aug/2016:06:22:27 +0000] "GET /styles/temp.css HTTP/1.1" 304 210 "http://50.56.68.238/" "Mozilla/5.0 (Macintosh; Intel Mac OS X 10.11; rv:48.0) Gecko/20100101 Firefox/48.0"
108.66.154.83 - - [25/Aug/2016:06:22:27 +0000] "GET /styles/reset.css HTTP/1.1" 304 210 "http://50.56.68.238/" "Mozilla/5.0 (Macintosh; Intel Mac OS X 10.11; rv:48.0) Gecko/20100101 Firefox/48.0"
108.66.154.83 - - [25/Aug/2016:06:22:27 +0000] "GET /styles/glitch.css HTTP/1.1" 304 211 "http://50.56.68.238/" "Mozilla/5.0 (Macintosh; Intel Mac OS X 10.11; rv:48.0) Gecko/20100101 Firefox/48.0"
127.0.0.1 - - [25/Aug/2016:06:22:43 +0000] "OPTIONS * HTTP/1.0" 200 152 "-" "Apache/2.2.14 (Ubuntu) (internal dummy connection)"
108.66.154.83 - - [25/Aug/2016:06:31:28 +0000] "GET / HTTP/1.1" 200 2425 "-" "Mozilla/5.0 (Macintosh; Intel Mac OS X 10.11; rv:48.0) Gecko/20100101 Firefox/48.0"
108.66.154.83 - - [25/Aug/2016:06:31:28 +0000] "GET /styles/temp.css HTTP/1.1" 200 1012 "http://50.56.68.238/" "Mozilla/5.0 (Macintosh; Intel Mac OS X 10.11; rv:48.0) Gecko/20100101 Firefox/48.0"
108.66.154.83 - - [25/Aug/2016:06:31:28 +0000] "GET /styles/reset.css HTTP/1.1" 200 953 "http://50.56.68.238/" "Mozilla/5.0 (Macintosh; Intel Mac OS X 10.11; rv:48.0) Gecko/20100101 Firefox/48.0"
108.66.154.83 - - [25/Aug/2016:06:31:28 +0000] "GET /styles/glitch.css HTTP/1.1" 200 990 "http://50.56.68.238/" "Mozilla/5.0 (Macintosh; Intel Mac OS X 10.11; rv:48.0) Gecko/20100101 Firefox/48.0"
108.66.154.83 - - [25/Aug/2016:06:31:31 +0000] "GET /favicon.ico HTTP/1.1" 404 504 "-" "Mozilla/5.0 (Macintosh; Intel Mac OS X 10.11; rv:48.0) Gecko/20100101 Firefox/48.0"
128.232.110.28 - - [25/Aug/2016:10:06:52 +0000] "GET / HTTP/1.1" 200 2368 "-" "Mozilla/5.0 zgrab/0.x"
127.0.0.1 - - [25/Aug/2016:12:26:15 +0000] "OPTIONS * HTTP/1.0" 200 152 "-" "Apache/2.2.14 (Ubuntu) (internal dummy connection)"
165.236.183.1 - - [25/Aug/2016:14:41:45 +0000] "GET / HTTP/1.1" 200 2425 "-" "Mozilla/5.0 (Macintosh; Intel Mac OS X 10_11_6) AppleWebKit/537.36 (KHTML, like Gecko) Chrome/52.0.2743.116 Safari/537.36"
165.236.183.1 - - [25/Aug/2016:14:41:45 +0000] "GET /styles/temp.css HTTP/1.1" 200 1012 "http://50.56.68.238/" "Mozilla/5.0 (Macintosh; Intel Mac OS X 10_11_6) AppleWebKit/537.36 (KHTML, like Gecko) Chrome/52.0.2743.116 Safari/537.36"
165.236.183.1 - - [25/Aug/2016:14:41:45 +0000] "GET /styles/reset.css HTTP/1.1" 200 953 "http://50.56.68.238/" "Mozilla/5.0 (Macintosh; Intel Mac OS X 10_11_6) AppleWebKit/537.36 (KHTML, like Gecko) Chrome/52.0.2743.116 Safari/537.36"
165.236.183.1 - - [25/Aug/2016:14:41:45 +0000] "GET /styles/glitch.css HTTP/1.1" 200 991 "http://50.56.68.238/" "Mozilla/5.0 (Macintosh; Intel Mac OS X 10_11_6) AppleWebKit/537.36 (KHTML, like Gecko) Chrome/52.0.2743.116 Safari/537.36"
165.236.183.1 - - [25/Aug/2016:14:41:45 +0000] "GET /favicon.ico HTTP/1.1" 404 504 "http://50.56.68.238/" "Mozilla/5.0 (Macintosh; Intel Mac OS X 10_11_6) AppleWebKit/537.36 (KHTML, like Gecko) Chrome/52.0.2743.116 Safari/537.36"
128.135.181.51 - - [25/Aug/2016:15:53:31 +0000] "GET / HTTP/1.1" 200 2425 "-" "Mozilla/5.0 (Windows NT 6.1; WOW64; rv:48.0) Gecko/20100101 Firefox/48.0"
128.135.181.51 - - [25/Aug/2016:15:53:31 +0000] "GET /styles/temp.css HTTP/1.1" 200 1012 "http://50.56.68.238/" "Mozilla/5.0 (Windows NT 6.1; WOW64; rv:48.0) Gecko/20100101 Firefox/48.0"
128.135.181.51 - - [25/Aug/2016:15:53:31 +0000] "GET /styles/reset.css HTTP/1.1" 200 953 "http://50.56.68.238/" "Mozilla/5.0 (Windows NT 6.1; WOW64; rv:48.0) Gecko/20100101 Firefox/48.0"
128.135.181.51 - - [25/Aug/2016:15:53:31 +0000] "GET /styles/glitch.css HTTP/1.1" 200 990 "http://50.56.68.238/" "Mozilla/5.0 (Windows NT 6.1; WOW64; rv:48.0) Gecko/20100101 Firefox/48.0"
128.135.181.51 - - [25/Aug/2016:15:53:31 +0000] "GET /favicon.ico HTTP/1.1" 404 504 "-" "Mozilla/5.0 (Windows NT 6.1; WOW64; rv:48.0) Gecko/20100101 Firefox/48.0"
128.135.181.51 - - [25/Aug/2016:15:53:31 +0000] "GET /favicon.ico HTTP/1.1" 404 504 "-" "Mozilla/5.0 (Windows NT 6.1; WOW64; rv:48.0) Gecko/20100101 Firefox/48.0"
27.118.28.244 - - [25/Aug/2016:17:06:14 +0000] "GET HTTP/1.1 HTTP/1.1" 400 473 "-" "Mozilla/4.0 (compatible; MSIE 6.0; Windows 98)"
27.118.28.244 - - [25/Aug/2016:17:06:15 +0000] "GET /admin/config.php HTTP/1.1" 404 472 "-" "Mozilla/4.0 (compatible; MSIE 6.0; Windows 98)"
128.135.181.51 - - [25/Aug/2016:19:17:42 +0000] "GET / HTTP/1.1" 200 2425 "-" "Mozilla/5.0 (Windows NT 6.1; WOW64) AppleWebKit/537.36 (KHTML, like Gecko) Chrome/52.0.2743.116 Safari/537.36"
128.135.181.51 - - [25/Aug/2016:19:17:43 +0000] "GET /styles/temp.css HTTP/1.1" 200 1012 "http://50.56.68.238/" "Mozilla/5.0 (Windows NT 6.1; WOW64) AppleWebKit/537.36 (KHTML, like Gecko) Chrome/52.0.2743.116 Safari/537.36"
128.135.181.51 - - [25/Aug/2016:19:17:43 +0000] "GET /styles/reset.css HTTP/1.1" 200 953 "http://50.56.68.238/" "Mozilla/5.0 (Windows NT 6.1; WOW64) AppleWebKit/537.36 (KHTML, like Gecko) Chrome/52.0.2743.116 Safari/537.36"
128.135.181.51 - - [25/Aug/2016:19:17:43 +0000] "GET /styles/glitch.css HTTP/1.1" 200 990 "http://50.56.68.238/" "Mozilla/5.0 (Windows NT 6.1; WOW64) AppleWebKit/537.36 (KHTML, like Gecko) Chrome/52.0.2743.116 Safari/537.36"
128.135.181.51 - - [25/Aug/2016:19:17:43 +0000] "GET /favicon.ico HTTP/1.1" 404 504 "http://50.56.68.238/" "Mozilla/5.0 (Windows NT 6.1; WOW64) AppleWebKit/537.36 (KHTML, like Gecko) Chrome/52.0.2743.116 Safari/537.36"
191.96.249.42 - - [25/Aug/2016:21:20:10 +0000] "GET /admin/config.php HTTP/1.0" 404 494 "-" "-"
165.236.183.1 - - [25/Aug/2016:21:37:54 +0000] "GET / HTTP/1.1" 200 2425 "-" "Mozilla/5.0 (Macintosh; Intel Mac OS X 10_11_6) AppleWebKit/537.36 (KHTML, like Gecko) Chrome/52.0.2743.116 Safari/537.36"
165.236.183.1 - - [25/Aug/2016:21:37:54 +0000] "GET /styles/temp.css HTTP/1.1" 200 1012 "http://50.56.68.238/" "Mozilla/5.0 (Macintosh; Intel Mac OS X 10_11_6) AppleWebKit/537.36 (KHTML, like Gecko) Chrome/52.0.2743.116 Safari/537.36"
165.236.183.1 - - [25/Aug/2016:21:37:54 +0000] "GET /styles/reset.css HTTP/1.1" 200 953 "http://50.56.68.238/" "Mozilla/5.0 (Macintosh; Intel Mac OS X 10_11_6) AppleWebKit/537.36 (KHTML, like Gecko) Chrome/52.0.2743.116 Safari/537.36"
165.236.183.1 - - [25/Aug/2016:21:37:54 +0000] "GET /styles/glitch.css HTTP/1.1" 200 991 "http://50.56.68.238/" "Mozilla/5.0 (Macintosh; Intel Mac OS X 10_11_6) AppleWebKit/537.36 (KHTML, like Gecko) Chrome/52.0.2743.116 Safari/537.36"
165.236.183.1 - - [25/Aug/2016:21:37:54 +0000] "GET /favicon.ico HTTP/1.1" 404 504 "http://50.56.68.238/" "Mozilla/5.0 (Macintosh; Intel Mac OS X 10_11_6) AppleWebKit/537.36 (KHTML, like Gecko) Chrome/52.0.2743.116 Safari/537.36"
70.194.66.196 - - [25/Aug/2016:23:12:08 +0000] "GET / HTTP/1.1" 200 2425 "-" "Mozilla/5.0 (Android 4.4.2; Mobile; rv:48.0) Gecko/48.0 Firefox/48.0"
70.194.66.196 - - [25/Aug/2016:23:12:08 +0000] "GET /styles/temp.css HTTP/1.1" 200 1012 "http://50.56.68.238/" "Mozilla/5.0 (Android 4.4.2; Mobile; rv:48.0) Gecko/48.0 Firefox/48.0"
70.194.66.196 - - [25/Aug/2016:23:12:08 +0000] "GET /styles/reset.css HTTP/1.1" 200 952 "http://50.56.68.238/" "Mozilla/5.0 (Android 4.4.2; Mobile; rv:48.0) Gecko/48.0 Firefox/48.0"
70.194.66.196 - - [25/Aug/2016:23:12:08 +0000] "GET /styles/glitch.css HTTP/1.1" 200 991 "http://50.56.68.238/" "Mozilla/5.0 (Android 4.4.2; Mobile; rv:48.0) Gecko/48.0 Firefox/48.0"
70.194.66.196 - - [25/Aug/2016:23:12:10 +0000] "GET /favicon.ico HTTP/1.1" 404 505 "-" "Mozilla/5.0 (Android 4.4.2; Mobile; rv:48.0) Gecko/48.0 Firefox/48.0"
70.194.66.196 - - [25/Aug/2016:23:12:10 +0000] "GET /favicon.ico HTTP/1.1" 404 504 "-" "Mozilla/5.0 (Android 4.4.2; Mobile; rv:48.0) Gecko/48.0 Firefox/48.0"
66.102.9.143 - - [26/Aug/2016:00:43:32 +0000] "GET / HTTP/1.1" 200 2425 "-" "Mozilla/5.0 (X11; Linux x86_64) AppleWebKit/537.36 (KHTML, like Gecko) Chrome/49.0.2623.75 Safari/537.36 Google Favicon"
66.102.9.143 - - [26/Aug/2016:00:43:32 +0000] "GET /favicon.ico HTTP/1.1" 404 504 "-" "Mozilla/5.0 (X11; Linux x86_64) AppleWebKit/537.36 (KHTML, like Gecko) Chrome/49.0.2623.75 Safari/537.36 Google Favicon"
127.0.0.1 - - [26/Aug/2016:00:53:18 +0000] "OPTIONS * HTTP/1.0" 200 152 "-" "Apache/2.2.14 (Ubuntu) (internal dummy connection)"
127.0.0.1 - - [26/Aug/2016:00:53:23 +0000] "OPTIONS * HTTP/1.0" 200 152 "-" "Apache/2.2.14 (Ubuntu) (internal dummy connection)"
127.0.0.1 - - [26/Aug/2016:00:53:24 +0000] "OPTIONS * HTTP/1.0" 200 152 "-" "Apache/2.2.14 (Ubuntu) (internal dummy connection)"
127.0.0.1 - - [26/Aug/2016:00:53:25 +0000] "OPTIONS * HTTP/1.0" 200 152 "-" "Apache/2.2.14 (Ubuntu) (internal dummy connection)"
127.0.0.1 - - [26/Aug/2016:00:53:26 +0000] "OPTIONS * HTTP/1.0" 200 152 "-" "Apache/2.2.14 (Ubuntu) (internal dummy connection)"
127.0.0.1 - - [26/Aug/2016:00:53:27 +0000] "OPTIONS * HTTP/1.0" 200 152 "-" "Apache/2.2.14 (Ubuntu) (internal dummy connection)"
127.0.0.1 - - [26/Aug/2016:00:53:28 +0000] "OPTIONS * HTTP/1.0" 200 152 "-" "Apache/2.2.14 (Ubuntu) (internal dummy connection)"
98.245.126.182 - - [26/Aug/2016:02:27:22 +0000] "GET / HTTP/1.1" 200 2802 "-" "Mozilla/5.0 (Macintosh; Intel Mac OS X 10_10_5) AppleWebKit/537.36 (KHTML, like Gecko) Chrome/52.0.2743.116 Safari/537.36"
98.245.126.182 - - [26/Aug/2016:02:27:22 +0000] "GET /styles/main.css HTTP/1.1" 200 1028 "http://50.56.68.238/" "Mozilla/5.0 (Macintosh; Intel Mac OS X 10_10_5) AppleWebKit/537.36 (KHTML, like Gecko) Chrome/52.0.2743.116 Safari/537.36"
98.245.126.182 - - [26/Aug/2016:02:27:22 +0000] "GET /styles/glitch.css HTTP/1.1" 304 211 "http://50.56.68.238/" "Mozilla/5.0 (Macintosh; Intel Mac OS X 10_10_5) AppleWebKit/537.36 (KHTML, like Gecko) Chrome/52.0.2743.116 Safari/537.36"
98.245.126.182 - - [26/Aug/2016:02:27:22 +0000] "GET /styles/reset.css HTTP/1.1" 304 210 "http://50.56.68.238/" "Mozilla/5.0 (Macintosh; Intel Mac OS X 10_10_5) AppleWebKit/537.36 (KHTML, like Gecko) Chrome/52.0.2743.116 Safari/537.36"
98.245.126.182 - - [26/Aug/2016:02:27:22 +0000] "GET /images/AESTHETIC.png HTTP/1.1" 200 5130 "http://50.56.68.238/" "Mozilla/5.0 (Macintosh; Intel Mac OS X 10_10_5) AppleWebKit/537.36 (KHTML, like Gecko) Chrome/52.0.2743.116 Safari/537.36"
98.245.126.182 - - [26/Aug/2016:02:27:22 +0000] "GET /favicon.ico HTTP/1.1" 404 504 "http://50.56.68.238/" "Mozilla/5.0 (Macintosh; Intel Mac OS X 10_10_5) AppleWebKit/537.36 (KHTML, like Gecko) Chrome/52.0.2743.116 Safari/537.36"
98.245.126.182 - - [26/Aug/2016:02:27:30 +0000] "GET / HTTP/1.1" 304 211 "-" "Mozilla/5.0 (Macintosh; Intel Mac OS X 10_10_5) AppleWebKit/537.36 (KHTML, like Gecko) Chrome/52.0.2743.116 Safari/537.36"
98.245.126.182 - - [26/Aug/2016:02:27:30 +0000] "GET /styles/main.css HTTP/1.1" 304 210 "http://50.56.68.238/" "Mozilla/5.0 (Macintosh; Intel Mac OS X 10_10_5) AppleWebKit/537.36 (KHTML, like Gecko) Chrome/52.0.2743.116 Safari/537.36"
98.245.126.182 - - [26/Aug/2016:02:27:30 +0000] "GET /styles/reset.css HTTP/1.1" 304 210 "http://50.56.68.238/" "Mozilla/5.0 (Macintosh; Intel Mac OS X 10_10_5) AppleWebKit/537.36 (KHTML, like Gecko) Chrome/52.0.2743.116 Safari/537.36"
98.245.126.182 - - [26/Aug/2016:02:27:30 +0000] "GET /styles/glitch.css HTTP/1.1" 304 210 "http://50.56.68.238/" "Mozilla/5.0 (Macintosh; Intel Mac OS X 10_10_5) AppleWebKit/537.36 (KHTML, like Gecko) Chrome/52.0.2743.116 Safari/537.36"
98.245.126.182 - - [26/Aug/2016:02:27:30 +0000] "GET /images/AESTHETIC.png HTTP/1.1" 304 188 "http://50.56.68.238/" "Mozilla/5.0 (Macintosh; Intel Mac OS X 10_10_5) AppleWebKit/537.36 (KHTML, like Gecko) Chrome/52.0.2743.116 Safari/537.36"
127.0.0.1 - - [26/Aug/2016:02:27:48 +0000] "OPTIONS * HTTP/1.0" 200 152 "-" "Apache/2.2.14 (Ubuntu) (internal dummy connection)"
98.245.126.182 - - [26/Aug/2016:02:28:08 +0000] "GET /styles/main.css HTTP/1.1" 304 211 "http://50.56.68.238/" "Mozilla/5.0 (Macintosh; Intel Mac OS X 10_10_5) AppleWebKit/537.36 (KHTML, like Gecko) Chrome/52.0.2743.116 Safari/537.36"
98.245.126.182 - - [26/Aug/2016:02:36:51 +0000] "GET / HTTP/1.1" 304 212 "-" "Mozilla/5.0 (Macintosh; Intel Mac OS X 10_10_5) AppleWebKit/537.36 (KHTML, like Gecko) Chrome/52.0.2743.116 Safari/537.36"
98.245.126.182 - - [26/Aug/2016:02:36:51 +0000] "GET /styles/main.css HTTP/1.1" 200 1057 "http://50.56.68.238/" "Mozilla/5.0 (Macintosh; Intel Mac OS X 10_10_5) AppleWebKit/537.36 (KHTML, like Gecko) Chrome/52.0.2743.116 Safari/537.36"
98.245.126.182 - - [26/Aug/2016:02:36:51 +0000] "GET /styles/reset.css HTTP/1.1" 304 211 "http://50.56.68.238/" "Mozilla/5.0 (Macintosh; Intel Mac OS X 10_10_5) AppleWebKit/537.36 (KHTML, like Gecko) Chrome/52.0.2743.116 Safari/537.36"
98.245.126.182 - - [26/Aug/2016:02:36:51 +0000] "GET /styles/glitch.css HTTP/1.1" 304 211 "http://50.56.68.238/" "Mozilla/5.0 (Macintosh; Intel Mac OS X 10_10_5) AppleWebKit/537.36 (KHTML, like Gecko) Chrome/52.0.2743.116 Safari/537.36"
98.245.126.182 - - [26/Aug/2016:02:36:52 +0000] "GET /images/AESTHETIC.png HTTP/1.1" 304 188 "http://50.56.68.238/" "Mozilla/5.0 (Macintosh; Intel Mac OS X 10_10_5) AppleWebKit/537.36 (KHTML, like Gecko) Chrome/52.0.2743.116 Safari/537.36"
98.245.126.182 - - [26/Aug/2016:02:36:57 +0000] "GET / HTTP/1.1" 200 2801 "-" "Mozilla/5.0 (Macintosh; Intel Mac OS X 10_10_5) AppleWebKit/537.36 (KHTML, like Gecko) Chrome/52.0.2743.116 Safari/537.36"
98.245.126.182 - - [26/Aug/2016:02:36:57 +0000] "GET /styles/reset.css HTTP/1.1" 200 952 "http://50.56.68.238/" "Mozilla/5.0 (Macintosh; Intel Mac OS X 10_10_5) AppleWebKit/537.36 (KHTML, like Gecko) Chrome/52.0.2743.116 Safari/537.36"
98.245.126.182 - - [26/Aug/2016:02:36:57 +0000] "GET /styles/glitch.css HTTP/1.1" 200 990 "http://50.56.68.238/" "Mozilla/5.0 (Macintosh; Intel Mac OS X 10_10_5) AppleWebKit/537.36 (KHTML, like Gecko) Chrome/52.0.2743.116 Safari/537.36"
98.245.126.182 - - [26/Aug/2016:02:36:57 +0000] "GET /styles/main.css HTTP/1.1" 200 1057 "http://50.56.68.238/" "Mozilla/5.0 (Macintosh; Intel Mac OS X 10_10_5) AppleWebKit/537.36 (KHTML, like Gecko) Chrome/52.0.2743.116 Safari/537.36"
98.245.126.182 - - [26/Aug/2016:02:36:57 +0000] "GET /images/AESTHETIC.png HTTP/1.1" 200 5130 "http://50.56.68.238/" "Mozilla/5.0 (Macintosh; Intel Mac OS X 10_10_5) AppleWebKit/537.36 (KHTML, like Gecko) Chrome/52.0.2743.116 Safari/537.36"
98.245.126.182 - - [26/Aug/2016:02:36:57 +0000] "GET /favicon.ico HTTP/1.1" 404 504 "http://50.56.68.238/" "Mozilla/5.0 (Macintosh; Intel Mac OS X 10_10_5) AppleWebKit/537.36 (KHTML, like Gecko) Chrome/52.0.2743.116 Safari/537.36"
127.0.0.1 - - [26/Aug/2016:02:37:15 +0000] "OPTIONS * HTTP/1.0" 200 152 "-" "Apache/2.2.14 (Ubuntu) (internal dummy connection)"
70.194.104.178 - - [26/Aug/2016:02:52:35 +0000] "GET / HTTP/1.1" 200 2802 "-" "Mozilla/5.0 (Android 4.4.2; Mobile; rv:48.0) Gecko/48.0 Firefox/48.0"
73.208.66.94 - - [26/Aug/2016:02:52:46 +0000] "GET /styles/reset.css HTTP/1.1" 304 211 "http://50.56.68.238/" "Mozilla/5.0 (Android 4.4.2; Mobile; rv:48.0) Gecko/48.0 Firefox/48.0"
73.208.66.94 - - [26/Aug/2016:02:52:46 +0000] "GET /styles/glitch.css HTTP/1.1" 304 211 "http://50.56.68.238/" "Mozilla/5.0 (Android 4.4.2; Mobile; rv:48.0) Gecko/48.0 Firefox/48.0"
73.208.66.94 - - [26/Aug/2016:02:52:47 +0000] "GET /images/AESTHETIC.png HTTP/1.1" 200 5131 "http://50.56.68.238/" "Mozilla/5.0 (Android 4.4.2; Mobile; rv:48.0) Gecko/48.0 Firefox/48.0"
73.208.66.94 - - [26/Aug/2016:02:52:48 +0000] "GET /favicon.ico HTTP/1.1" 404 505 "-" "Mozilla/5.0 (Android 4.4.2; Mobile; rv:48.0) Gecko/48.0 Firefox/48.0"
73.208.66.94 - - [26/Aug/2016:02:52:48 +0000] "GET /favicon.ico HTTP/1.1" 404 504 "-" "Mozilla/5.0 (Android 4.4.2; Mobile; rv:48.0) Gecko/48.0 Firefox/48.0"
73.208.66.94 - - [26/Aug/2016:02:53:28 +0000] "GET / HTTP/1.1" 304 212 "-" "Mozilla/5.0 (Android 4.4.2; Mobile; rv:48.0) Gecko/48.0 Firefox/48.0"
73.208.66.94 - - [26/Aug/2016:02:53:29 +0000] "GET /styles/main.css HTTP/1.1" 200 1057 "http://50.56.68.238/" "Mozilla/5.0 (Android 4.4.2; Mobile; rv:48.0) Gecko/48.0 Firefox/48.0"
73.208.66.94 - - [26/Aug/2016:02:53:29 +0000] "GET /styles/reset.css HTTP/1.1" 304 210 "http://50.56.68.238/" "Mozilla/5.0 (Android 4.4.2; Mobile; rv:48.0) Gecko/48.0 Firefox/48.0"
73.208.66.94 - - [26/Aug/2016:02:53:29 +0000] "GET /styles/glitch.css HTTP/1.1" 304 210 "http://50.56.68.238/" "Mozilla/5.0 (Android 4.4.2; Mobile; rv:48.0) Gecko/48.0 Firefox/48.0"
73.208.66.94 - - [26/Aug/2016:02:53:29 +0000] "GET /images/AESTHETIC.png HTTP/1.1" 304 188 "http://50.56.68.238/" "Mozilla/5.0 (Android 4.4.2; Mobile; rv:48.0) Gecko/48.0 Firefox/48.0"
73.208.66.94 - - [26/Aug/2016:02:53:30 +0000] "GET /favicon.ico HTTP/1.1" 404 505 "-" "Mozilla/5.0 (Android 4.4.2; Mobile; rv:48.0) Gecko/48.0 Firefox/48.0"
73.208.66.94 - - [26/Aug/2016:02:53:30 +0000] "GET /favicon.ico HTTP/1.1" 404 504 "-" "Mozilla/5.0 (Android 4.4.2; Mobile; rv:48.0) Gecko/48.0 Firefox/48.0"
98.245.126.182 - - [26/Aug/2016:02:53:34 +0000] "GET / HTTP/1.1" 200 2802 "-" "Mozilla/5.0 (Macintosh; Intel Mac OS X 10_10_5) AppleWebKit/537.36 (KHTML, like Gecko) Chrome/52.0.2743.116 Safari/537.36"
98.245.126.182 - - [26/Aug/2016:02:53:34 +0000] "GET /styles/glitch.css HTTP/1.1" 200 991 "http://50.56.68.238/" "Mozilla/5.0 (Macintosh; Intel Mac OS X 10_10_5) AppleWebKit/537.36 (KHTML, like Gecko) Chrome/52.0.2743.116 Safari/537.36"
98.245.126.182 - - [26/Aug/2016:02:53:34 +0000] "GET /styles/main.css HTTP/1.1" 200 1057 "http://50.56.68.238/" "Mozilla/5.0 (Macintosh; Intel Mac OS X 10_10_5) AppleWebKit/537.36 (KHTML, like Gecko) Chrome/52.0.2743.116 Safari/537.36"
98.245.126.182 - - [26/Aug/2016:02:53:34 +0000] "GET /styles/reset.css HTTP/1.1" 200 953 "http://50.56.68.238/" "Mozilla/5.0 (Macintosh; Intel Mac OS X 10_10_5) AppleWebKit/537.36 (KHTML, like Gecko) Chrome/52.0.2743.116 Safari/537.36"
98.245.126.182 - - [26/Aug/2016:02:53:34 +0000] "GET /images/AESTHETIC.png HTTP/1.1" 200 5130 "http://50.56.68.238/" "Mozilla/5.0 (Macintosh; Intel Mac OS X 10_10_5) AppleWebKit/537.36 (KHTML, like Gecko) Chrome/52.0.2743.116 Safari/537.36"
98.245.126.182 - - [26/Aug/2016:02:53:34 +0000] "GET /favicon.ico HTTP/1.1" 404 504 "http://50.56.68.238/" "Mozilla/5.0 (Macintosh; Intel Mac OS X 10_10_5) AppleWebKit/537.36 (KHTML, like Gecko) Chrome/52.0.2743.116 Safari/537.36"
127.0.0.1 - - [26/Aug/2016:02:53:52 +0000] "OPTIONS * HTTP/1.0" 200 152 "-" "Apache/2.2.14 (Ubuntu) (internal dummy connection)"
127.0.0.1 - - [26/Aug/2016:02:53:53 +0000] "OPTIONS * HTTP/1.0" 200 152 "-" "Apache/2.2.14 (Ubuntu) (internal dummy connection)"
127.0.0.1 - - [26/Aug/2016:02:53:54 +0000] "OPTIONS * HTTP/1.0" 200 152 "-" "Apache/2.2.14 (Ubuntu) (internal dummy connection)"
73.208.66.94 - - [26/Aug/2016:02:56:16 +0000] "GET / HTTP/1.1" 304 212 "-" "Mozilla/5.0 (Android 4.4.2; Mobile; rv:48.0) Gecko/48.0 Firefox/48.0"
73.208.66.94 - - [26/Aug/2016:02:56:18 +0000] "GET /favicon.ico HTTP/1.1" 404 505 "-" "Mozilla/5.0 (Android 4.4.2; Mobile; rv:48.0) Gecko/48.0 Firefox/48.0"
73.208.66.94 - - [26/Aug/2016:02:56:18 +0000] "GET /favicon.ico HTTP/1.1" 404 504 "-" "Mozilla/5.0 (Android 4.4.2; Mobile; rv:48.0) Gecko/48.0 Firefox/48.0"
70.194.68.89 - - [26/Aug/2016:03:19:38 +0000] "GET / HTTP/1.1" 200 2885 "-" "Mozilla/5.0 (Android 4.4.2; Mobile; rv:48.0) Gecko/48.0 Firefox/48.0"
70.194.68.89 - - [26/Aug/2016:03:19:39 +0000] "GET /styles/main.css HTTP/1.1" 200 1065 "http://50.56.68.238/" "Mozilla/5.0 (Android 4.4.2; Mobile; rv:48.0) Gecko/48.0 Firefox/48.0"
70.194.68.89 - - [26/Aug/2016:03:19:40 +0000] "GET /images/AESTHETIC.png HTTP/1.1" 304 188 "http://50.56.68.238/" "Mozilla/5.0 (Android 4.4.2; Mobile; rv:48.0) Gecko/48.0 Firefox/48.0"
70.194.68.89 - - [26/Aug/2016:03:19:40 +0000] "GET /favicon.ico HTTP/1.1" 404 505 "-" "Mozilla/5.0 (Android 4.4.2; Mobile; rv:48.0) Gecko/48.0 Firefox/48.0"
70.194.68.89 - - [26/Aug/2016:03:19:40 +0000] "GET /favicon.ico HTTP/1.1" 404 504 "-" "Mozilla/5.0 (Android 4.4.2; Mobile; rv:48.0) Gecko/48.0 Firefox/48.0"
98.245.126.182 - - [26/Aug/2016:03:21:01 +0000] "GET / HTTP/1.1" 200 2885 "-" "Mozilla/5.0 (Macintosh; Intel Mac OS X 10_10_5) AppleWebKit/537.36 (KHTML, like Gecko) Chrome/52.0.2743.116 Safari/537.36"
98.245.126.182 - - [26/Aug/2016:03:21:01 +0000] "GET /styles/main.css HTTP/1.1" 200 1065 "http://50.56.68.238/" "Mozilla/5.0 (Macintosh; Intel Mac OS X 10_10_5) AppleWebKit/537.36 (KHTML, like Gecko) Chrome/52.0.2743.116 Safari/537.36"
98.245.126.182 - - [26/Aug/2016:03:21:01 +0000] "GET /styles/reset.css HTTP/1.1" 200 953 "http://50.56.68.238/" "Mozilla/5.0 (Macintosh; Intel Mac OS X 10_10_5) AppleWebKit/537.36 (KHTML, like Gecko) Chrome/52.0.2743.116 Safari/537.36"
98.245.126.182 - - [26/Aug/2016:03:21:01 +0000] "GET /styles/glitch.css HTTP/1.1" 200 991 "http://50.56.68.238/" "Mozilla/5.0 (Macintosh; Intel Mac OS X 10_10_5) AppleWebKit/537.36 (KHTML, like Gecko) Chrome/52.0.2743.116 Safari/537.36"
98.245.126.182 - - [26/Aug/2016:03:21:01 +0000] "GET /images/AESTHETIC.png HTTP/1.1" 200 5130 "http://50.56.68.238/" "Mozilla/5.0 (Macintosh; Intel Mac OS X 10_10_5) AppleWebKit/537.36 (KHTML, like Gecko) Chrome/52.0.2743.116 Safari/537.36"
98.245.126.182 - - [26/Aug/2016:03:21:01 +0000] "GET /favicon.ico HTTP/1.1" 404 504 "http://50.56.68.238/" "Mozilla/5.0 (Macintosh; Intel Mac OS X 10_10_5) AppleWebKit/537.36 (KHTML, like Gecko) Chrome/52.0.2743.116 Safari/537.36"
127.0.0.1 - - [26/Aug/2016:03:21:19 +0000] "OPTIONS * HTTP/1.0" 200 152 "-" "Apache/2.2.14 (Ubuntu) (internal dummy connection)"
98.245.126.182 - - [26/Aug/2016:03:22:15 +0000] "GET /styles/main.css HTTP/1.1" 304 211 "http://50.56.68.238/" "Mozilla/5.0 (Macintosh; Intel Mac OS X 10_10_5) AppleWebKit/537.36 (KHTML, like Gecko) Chrome/52.0.2743.116 Safari/537.36"
212.83.162.206 - - [26/Aug/2016:03:28:52 +0000] "HEAD /robots.txt HTTP/1.0" 404 182 "-" "-"
89.248.174.4 - - [26/Aug/2016:03:37:37 +0000] "GET /xmlrpc.php HTTP/1.1" 404 470 "-" "-"
98.245.126.182 - - [26/Aug/2016:03:49:05 +0000] "GET / HTTP/1.1" 200 2885 "-" "Mozilla/5.0 (iPhone; CPU iPhone OS 9_3_4 like Mac OS X) AppleWebKit/601.1 (KHTML, like Gecko) CriOS/52.0.2743.84 Mobile/13G35 Safari/601.1.46"
98.245.126.182 - - [26/Aug/2016:03:49:05 +0000] "GET /styles/main.css HTTP/1.1" 200 1065 "http://50.56.68.238/" "Mozilla/5.0 (iPhone; CPU iPhone OS 9_3_4 like Mac OS X) AppleWebKit/601.1 (KHTML, like Gecko) CriOS/52.0.2743.84 Mobile/13G35 Safari/601.1.46"
98.245.126.182 - - [26/Aug/2016:03:49:05 +0000] "GET /styles/glitch.css HTTP/1.1" 200 991 "http://50.56.68.238/" "Mozilla/5.0 (iPhone; CPU iPhone OS 9_3_4 like Mac OS X) AppleWebKit/601.1 (KHTML, like Gecko) CriOS/52.0.2743.84 Mobile/13G35 Safari/601.1.46"
98.245.126.182 - - [26/Aug/2016:03:49:05 +0000] "GET /styles/reset.css HTTP/1.1" 200 953 "http://50.56.68.238/" "Mozilla/5.0 (iPhone; CPU iPhone OS 9_3_4 like Mac OS X) AppleWebKit/601.1 (KHTML, like Gecko) CriOS/52.0.2743.84 Mobile/13G35 Safari/601.1.46"
98.245.126.182 - - [26/Aug/2016:03:49:05 +0000] "GET /images/AESTHETIC.png HTTP/1.1" 200 5130 "http://50.56.68.238/" "Mozilla/5.0 (iPhone; CPU iPhone OS 9_3_4 like Mac OS X) AppleWebKit/601.1 (KHTML, like Gecko) CriOS/52.0.2743.84 Mobile/13G35 Safari/601.1.46"
98.245.126.182 - - [26/Aug/2016:03:49:06 +0000] "GET /favicon.ico HTTP/1.1" 404 505 "-" "Mozilla/5.0 (iPhone; CPU iPhone OS 9_3_4 like Mac OS X) AppleWebKit/601.1 (KHTML, like Gecko) CriOS/52.0.2743.84 Mobile/13G35 Safari/601.1.46"
98.245.126.182 - - [26/Aug/2016:03:49:31 +0000] "GET / HTTP/1.1" 200 2885 "-" "Mozilla/5.0 (iPhone; CPU iPhone OS 9_3_4 like Mac OS X) AppleWebKit/601.1.46 (KHTML, like Gecko) Version/9.0 Mobile/13G35 Safari/601.1"
98.245.126.182 - - [26/Aug/2016:03:49:32 +0000] "GET /styles/main.css HTTP/1.1" 200 1066 "http://50.56.68.238/" "Mozilla/5.0 (iPhone; CPU iPhone OS 9_3_4 like Mac OS X) AppleWebKit/601.1.46 (KHTML, like Gecko) Version/9.0 Mobile/13G35 Safari/601.1"
98.245.126.182 - - [26/Aug/2016:03:49:32 +0000] "GET /styles/glitch.css HTTP/1.1" 200 991 "http://50.56.68.238/" "Mozilla/5.0 (iPhone; CPU iPhone OS 9_3_4 like Mac OS X) AppleWebKit/601.1.46 (KHTML, like Gecko) Version/9.0 Mobile/13G35 Safari/601.1"
98.245.126.182 - - [26/Aug/2016:03:49:32 +0000] "GET /styles/reset.css HTTP/1.1" 200 953 "http://50.56.68.238/" "Mozilla/5.0 (iPhone; CPU iPhone OS 9_3_4 like Mac OS X) AppleWebKit/601.1.46 (KHTML, like Gecko) Version/9.0 Mobile/13G35 Safari/601.1"
98.245.126.182 - - [26/Aug/2016:03:58:28 +0000] "GET / HTTP/1.1" 200 3019 "-" "Mozilla/5.0 (Macintosh; Intel Mac OS X 10_10_5) AppleWebKit/537.36 (KHTML, like Gecko) Chrome/52.0.2743.116 Safari/537.36"
98.245.126.182 - - [26/Aug/2016:03:58:29 +0000] "GET /styles/main.css HTTP/1.1" 200 1065 "http://50.56.68.238/" "Mozilla/5.0 (Macintosh; Intel Mac OS X 10_10_5) AppleWebKit/537.36 (KHTML, like Gecko) Chrome/52.0.2743.116 Safari/537.36"
98.245.126.182 - - [26/Aug/2016:03:58:29 +0000] "GET /styles/reset.css HTTP/1.1" 200 953 "http://50.56.68.238/" "Mozilla/5.0 (Macintosh; Intel Mac OS X 10_10_5) AppleWebKit/537.36 (KHTML, like Gecko) Chrome/52.0.2743.116 Safari/537.36"
98.245.126.182 - - [26/Aug/2016:03:58:29 +0000] "GET /styles/glitch.css HTTP/1.1" 200 991 "http://50.56.68.238/" "Mozilla/5.0 (Macintosh; Intel Mac OS X 10_10_5) AppleWebKit/537.36 (KHTML, like Gecko) Chrome/52.0.2743.116 Safari/537.36"
98.245.126.182 - - [26/Aug/2016:03:58:29 +0000] "GET /images/AESTHETIC.png HTTP/1.1" 200 5130 "http://50.56.68.238/" "Mozilla/5.0 (Macintosh; Intel Mac OS X 10_10_5) AppleWebKit/537.36 (KHTML, like Gecko) Chrome/52.0.2743.116 Safari/537.36"
98.245.126.182 - - [26/Aug/2016:03:58:29 +0000] "GET /images/favicons/favicon-16x16.png HTTP/1.1" 200 859 "http://50.56.68.238/" "Mozilla/5.0 (Macintosh; Intel Mac OS X 10_10_5) AppleWebKit/537.36 (KHTML, like Gecko) Chrome/52.0.2743.116 Safari/537.36"
98.245.126.182 - - [26/Aug/2016:03:58:29 +0000] "GET /images/favicons/favicon-32x32.png HTTP/1.1" 200 995 "http://50.56.68.238/" "Mozilla/5.0 (Macintosh; Intel Mac OS X 10_10_5) AppleWebKit/537.36 (KHTML, like Gecko) Chrome/52.0.2743.116 Safari/537.36"
71.201.158.200 - - [26/Aug/2016:04:07:58 +0000] "GET / HTTP/1.1" 200 3019 "-" "Mozilla/5.0 (Android 4.4.2; Mobile; rv:48.0) Gecko/48.0 Firefox/48.0"
71.201.158.200 - - [26/Aug/2016:04:07:59 +0000] "GET /styles/main.css HTTP/1.1" 200 1065 "http://50.56.68.238/" "Mozilla/5.0 (Android 4.4.2; Mobile; rv:48.0) Gecko/48.0 Firefox/48.0"
71.201.158.200 - - [26/Aug/2016:04:08:00 +0000] "GET /images/AESTHETIC.png HTTP/1.1" 304 188 "http://50.56.68.238/" "Mozilla/5.0 (Android 4.4.2; Mobile; rv:48.0) Gecko/48.0 Firefox/48.0"
71.201.158.200 - - [26/Aug/2016:04:08:01 +0000] "GET /images/favicons/favicon-32x32.png HTTP/1.1" 200 996 "-" "Mozilla/5.0 (Android 4.4.2; Mobile; rv:48.0) Gecko/48.0 Firefox/48.0"
98.245.126.182 - - [26/Aug/2016:05:30:46 +0000] "GET / HTTP/1.1" 200 3023 "-" "Mozilla/5.0 (Macintosh; Intel Mac OS X 10_10_5) AppleWebKit/537.36 (KHTML, like Gecko) Chrome/52.0.2743.116 Safari/537.36"
98.245.126.182 - - [26/Aug/2016:05:30:47 +0000] "GET /styles/main.css HTTP/1.1" 200 1119 "http://50.56.68.238/" "Mozilla/5.0 (Macintosh; Intel Mac OS X 10_10_5) AppleWebKit/537.36 (KHTML, like Gecko) Chrome/52.0.2743.116 Safari/537.36"
98.245.126.182 - - [26/Aug/2016:05:30:47 +0000] "GET /images/AESTHETIC.png HTTP/1.1" 304 188 "http://50.56.68.238/" "Mozilla/5.0 (Macintosh; Intel Mac OS X 10_10_5) AppleWebKit/537.36 (KHTML, like Gecko) Chrome/52.0.2743.116 Safari/537.36"
98.245.126.182 - - [26/Aug/2016:05:30:47 +0000] "GET /images/favicons/favicon-16x16.png HTTP/1.1" 304 187 "http://50.56.68.238/" "Mozilla/5.0 (Macintosh; Intel Mac OS X 10_10_5) AppleWebKit/537.36 (KHTML, like Gecko) Chrome/52.0.2743.116 Safari/537.36"
127.0.0.1 - - [26/Aug/2016:05:31:04 +0000] "OPTIONS * HTTP/1.0" 200 152 "-" "Apache/2.2.14 (Ubuntu) (internal dummy connection)"
98.245.126.182 - - [26/Aug/2016:05:48:49 +0000] "GET / HTTP/1.1" 304 212 "-" "Mozilla/5.0 (Macintosh; Intel Mac OS X 10_10_5) AppleWebKit/537.36 (KHTML, like Gecko) Chrome/52.0.2743.116 Safari/537.36"
98.245.126.182 - - [26/Aug/2016:05:48:50 +0000] "GET /styles/main.css HTTP/1.1" 200 1167 "http://50.56.68.238/" "Mozilla/5.0 (Macintosh; Intel Mac OS X 10_10_5) AppleWebKit/537.36 (KHTML, like Gecko) Chrome/52.0.2743.116 Safari/537.36"
98.245.126.182 - - [26/Aug/2016:05:48:50 +0000] "GET /images/favicons/favicon-16x16.png HTTP/1.1" 304 187 "http://50.56.68.238/" "Mozilla/5.0 (Macintosh; Intel Mac OS X 10_10_5) AppleWebKit/537.36 (KHTML, like Gecko) Chrome/52.0.2743.116 Safari/537.36"
127.0.0.1 - - [26/Aug/2016:05:49:07 +0000] "OPTIONS * HTTP/1.0" 200 152 "-" "Apache/2.2.14 (Ubuntu) (internal dummy connection)"
98.245.126.182 - - [26/Aug/2016:05:53:20 +0000] "GET / HTTP/1.1" 200 3023 "-" "Mozilla/5.0 (Macintosh; Intel Mac OS X 10_10_5) AppleWebKit/537.36 (KHTML, like Gecko) Chrome/52.0.2743.116 Safari/537.36"
98.245.126.182 - - [26/Aug/2016:05:53:20 +0000] "GET /styles/glitch.css HTTP/1.1" 200 991 "http://50.56.68.238/" "Mozilla/5.0 (Macintosh; Intel Mac OS X 10_10_5) AppleWebKit/537.36 (KHTML, like Gecko) Chrome/52.0.2743.116 Safari/537.36"
98.245.126.182 - - [26/Aug/2016:05:53:20 +0000] "GET /styles/reset.css HTTP/1.1" 200 953 "http://50.56.68.238/" "Mozilla/5.0 (Macintosh; Intel Mac OS X 10_10_5) AppleWebKit/537.36 (KHTML, like Gecko) Chrome/52.0.2743.116 Safari/537.36"
98.245.126.182 - - [26/Aug/2016:05:53:20 +0000] "GET /styles/main.css HTTP/1.1" 200 1254 "http://50.56.68.238/" "Mozilla/5.0 (Macintosh; Intel Mac OS X 10_10_5) AppleWebKit/537.36 (KHTML, like Gecko) Chrome/52.0.2743.116 Safari/537.36"
98.245.126.182 - - [26/Aug/2016:05:53:20 +0000] "GET /images/AESTHETIC.png HTTP/1.1" 200 5130 "http://50.56.68.238/" "Mozilla/5.0 (Macintosh; Intel Mac OS X 10_10_5) AppleWebKit/537.36 (KHTML, like Gecko) Chrome/52.0.2743.116 Safari/537.36"
98.245.126.182 - - [26/Aug/2016:05:53:20 +0000] "GET /images/favicons/favicon-16x16.png HTTP/1.1" 200 859 "http://50.56.68.238/" "Mozilla/5.0 (Macintosh; Intel Mac OS X 10_10_5) AppleWebKit/537.36 (KHTML, like Gecko) Chrome/52.0.2743.116 Safari/537.36"
98.245.126.182 - - [26/Aug/2016:05:53:20 +0000] "GET /images/favicons/favicon-32x32.png HTTP/1.1" 304 187 "http://50.56.68.238/" "Mozilla/5.0 (Macintosh; Intel Mac OS X 10_10_5) AppleWebKit/537.36 (KHTML, like Gecko) Chrome/52.0.2743.116 Safari/537.36"
98.245.126.182 - - [26/Aug/2016:05:53:28 +0000] "GET / HTTP/1.1" 200 3022 "-" "Mozilla/5.0 (Macintosh; Intel Mac OS X 10_10_5) AppleWebKit/537.36 (KHTML, like Gecko) Chrome/52.0.2743.116 Safari/537.36"
98.245.126.182 - - [26/Aug/2016:05:53:29 +0000] "GET /styles/main.css HTTP/1.1" 200 1254 "http://50.56.68.238/" "Mozilla/5.0 (Macintosh; Intel Mac OS X 10_10_5) AppleWebKit/537.36 (KHTML, like Gecko) Chrome/52.0.2743.116 Safari/537.36"
98.245.126.182 - - [26/Aug/2016:05:53:29 +0000] "GET /styles/glitch.css HTTP/1.1" 200 990 "http://50.56.68.238/" "Mozilla/5.0 (Macintosh; Intel Mac OS X 10_10_5) AppleWebKit/537.36 (KHTML, like Gecko) Chrome/52.0.2743.116 Safari/537.36"
98.245.126.182 - - [26/Aug/2016:05:53:29 +0000] "GET /styles/reset.css HTTP/1.1" 200 952 "http://50.56.68.238/" "Mozilla/5.0 (Macintosh; Intel Mac OS X 10_10_5) AppleWebKit/537.36 (KHTML, like Gecko) Chrome/52.0.2743.116 Safari/537.36"
98.245.126.182 - - [26/Aug/2016:05:53:29 +0000] "GET /images/AESTHETIC.png HTTP/1.1" 200 5130 "http://50.56.68.238/" "Mozilla/5.0 (Macintosh; Intel Mac OS X 10_10_5) AppleWebKit/537.36 (KHTML, like Gecko) Chrome/52.0.2743.116 Safari/537.36"
98.245.126.182 - - [26/Aug/2016:05:53:29 +0000] "GET /images/favicons/favicon-16x16.png HTTP/1.1" 200 859 "http://50.56.68.238/" "Mozilla/5.0 (Macintosh; Intel Mac OS X 10_10_5) AppleWebKit/537.36 (KHTML, like Gecko) Chrome/52.0.2743.116 Safari/537.36"
127.0.0.1 - - [26/Aug/2016:05:53:46 +0000] "OPTIONS * HTTP/1.0" 200 152 "-" "Apache/2.2.14 (Ubuntu) (internal dummy connection)"
